
> portfolio@0.0.0 build
> tsc -b && vite build

src/components/ui/button.jsx(2,15): error TS8006: 'import...type' declarations can only be used in TypeScript files.
src/components/ui/button.jsx(48,4): error TS8010: Type annotations can only be used in TypeScript files.
